Hello from Reaper!
This is a test file.
Line 3